<object-stream>
<org.drools.audit.event.ActivationLogEvent>
  <type>4</type>
  <activationId>start [0]</activationId>
  <rule>start</rule>
  <declarations></declarations>
</org.drools.audit.event.ActivationLogEvent>
<org.drools.audit.event.ActivationLogEvent>
  <type>4</type>
  <activationId>wladza [0]</activationId>
  <rule>wladza</rule>
  <declarations></declarations>
</org.drools.audit.event.ActivationLogEvent>
<org.drools.audit.event.ActivationLogEvent>
  <type>4</type>
  <activationId>euro [0]</activationId>
  <rule>euro</rule>
  <declarations></declarations>
</org.drools.audit.event.ActivationLogEvent>
<org.drools.audit.event.ActivationLogEvent>
  <type>6</type>
  <activationId>start [0]</activationId>
  <rule>start</rule>
  <declarations></declarations>
</org.drools.audit.event.ActivationLogEvent>
<org.drools.audit.event.ActivationLogEvent>
  <type>4</type>
  <activationId>Szwajcaria [1]</activationId>
  <rule>Szwajcaria</rule>
  <declarations></declarations>
</org.drools.audit.event.ActivationLogEvent>
<org.drools.audit.event.ActivationLogEvent>
  <type>4</type>
  <activationId>wyspiarski [1]</activationId>
  <rule>wyspiarski</rule>
  <declarations></declarations>
</org.drools.audit.event.ActivationLogEvent>
<org.drools.audit.event.ObjectLogEvent>
  <type>1</type>
  <factId>1</factId>
  <objectToString>pl.put.poznan.Fakt@6fe88c7f</objectToString>
</org.drools.audit.event.ObjectLogEvent>
<org.drools.audit.event.ActivationLogEvent>
  <type>7</type>
  <activationId>start [0]</activationId>
  <rule>start</rule>
  <declarations></declarations>
</org.drools.audit.event.ActivationLogEvent>
<org.drools.audit.event.ActivationLogEvent>
  <type>6</type>
  <activationId>Szwajcaria [1]</activationId>
  <rule>Szwajcaria</rule>
  <declarations></declarations>
</org.drools.audit.event.ActivationLogEvent>
<org.drools.audit.event.ActivationLogEvent>
  <type>4</type>
  <activationId>Znamy Odpowiedz [2]</activationId>
  <rule>Znamy Odpowiedz</rule>
  <declarations>$panstwo=Szwajcaria(2); $fakt=pl.put.poznan.Fakt@12046136(2)</declarations>
</org.drools.audit.event.ActivationLogEvent>
<org.drools.audit.event.ObjectLogEvent>
  <type>1</type>
  <factId>2</factId>
  <objectToString>pl.put.poznan.Fakt@12046136</objectToString>
</org.drools.audit.event.ObjectLogEvent>
<org.drools.audit.event.ActivationLogEvent>
  <type>7</type>
  <activationId>Szwajcaria [1]</activationId>
  <rule>Szwajcaria</rule>
  <declarations></declarations>
</org.drools.audit.event.ActivationLogEvent>
<org.drools.audit.event.ActivationLogEvent>
  <type>6</type>
  <activationId>Znamy Odpowiedz [2]</activationId>
  <rule>Znamy Odpowiedz</rule>
  <declarations>$panstwo=Szwajcaria(2); $fakt=pl.put.poznan.Fakt@12046136(2)</declarations>
</org.drools.audit.event.ActivationLogEvent>
<org.drools.audit.event.ObjectLogEvent>
  <type>3</type>
  <factId>2</factId>
  <objectToString>pl.put.poznan.Fakt@12046136</objectToString>
</org.drools.audit.event.ObjectLogEvent>
<org.drools.audit.event.ActivationLogEvent>
  <type>7</type>
  <activationId>Znamy Odpowiedz [-1]</activationId>
  <rule>Znamy Odpowiedz</rule>
  <declarations></declarations>
</org.drools.audit.event.ActivationLogEvent>
<org.drools.audit.event.ActivationLogEvent>
  <type>6</type>
  <activationId>wyspiarski [1]</activationId>
  <rule>wyspiarski</rule>
  <declarations></declarations>
</org.drools.audit.event.ActivationLogEvent>
<org.drools.audit.event.ActivationLogEvent>
  <type>4</type>
  <activationId>ma_morze [3]</activationId>
  <rule>ma_morze</rule>
  <declarations></declarations>
</org.drools.audit.event.ActivationLogEvent>
<org.drools.audit.event.ObjectLogEvent>
  <type>1</type>
  <factId>3</factId>
  <objectToString>pl.put.poznan.Fakt@23ff8de3</objectToString>
</org.drools.audit.event.ObjectLogEvent>
<org.drools.audit.event.ActivationLogEvent>
  <type>7</type>
  <activationId>wyspiarski [1]</activationId>
  <rule>wyspiarski</rule>
  <declarations></declarations>
</org.drools.audit.event.ActivationLogEvent>
<org.drools.audit.event.ActivationLogEvent>
  <type>6</type>
  <activationId>ma_morze [3]</activationId>
  <rule>ma_morze</rule>
  <declarations></declarations>
</org.drools.audit.event.ActivationLogEvent>
<org.drools.audit.event.ActivationLogEvent>
  <type>4</type>
  <activationId>morze_w [1, 4]</activationId>
  <rule>morze_w</rule>
  <declarations></declarations>
</org.drools.audit.event.ActivationLogEvent>
<org.drools.audit.event.ObjectLogEvent>
  <type>1</type>
  <factId>4</factId>
  <objectToString>pl.put.poznan.Fakt@42101da9</objectToString>
</org.drools.audit.event.ObjectLogEvent>
<org.drools.audit.event.ActivationLogEvent>
  <type>7</type>
  <activationId>ma_morze [3]</activationId>
  <rule>ma_morze</rule>
  <declarations></declarations>
</org.drools.audit.event.ActivationLogEvent>
<org.drools.audit.event.ActivationLogEvent>
  <type>6</type>
  <activationId>morze_w [1, 4]</activationId>
  <rule>morze_w</rule>
  <declarations></declarations>
</org.drools.audit.event.ActivationLogEvent>
<org.drools.audit.event.ObjectLogEvent>
  <type>1</type>
  <factId>5</factId>
  <objectToString>pl.put.poznan.Fakt@3c9ed91f</objectToString>
</org.drools.audit.event.ObjectLogEvent>
<org.drools.audit.event.ActivationLogEvent>
  <type>7</type>
  <activationId>morze_w [1, 4]</activationId>
  <rule>morze_w</rule>
  <declarations></declarations>
</org.drools.audit.event.ActivationLogEvent>
<org.drools.audit.event.ActivationLogEvent>
  <type>6</type>
  <activationId>euro [0]</activationId>
  <rule>euro</rule>
  <declarations></declarations>
</org.drools.audit.event.ActivationLogEvent>
<org.drools.audit.event.ObjectLogEvent>
  <type>1</type>
  <factId>6</factId>
  <objectToString>pl.put.poznan.Fakt@3549494e</objectToString>
</org.drools.audit.event.ObjectLogEvent>
<org.drools.audit.event.ActivationLogEvent>
  <type>7</type>
  <activationId>euro [0]</activationId>
  <rule>euro</rule>
  <declarations></declarations>
</org.drools.audit.event.ActivationLogEvent>
<org.drools.audit.event.ActivationLogEvent>
  <type>6</type>
  <activationId>wladza [0]</activationId>
  <rule>wladza</rule>
  <declarations></declarations>
</org.drools.audit.event.ActivationLogEvent>
<org.drools.audit.event.ActivationLogEvent>
  <type>4</type>
  <activationId>Andora [6, 7, 1]</activationId>
  <rule>Andora</rule>
  <declarations></declarations>
</org.drools.audit.event.ActivationLogEvent>
<org.drools.audit.event.ActivationLogEvent>
  <type>4</type>
  <activationId>Luksemburg [6, 7, 1]</activationId>
  <rule>Luksemburg</rule>
  <declarations></declarations>
</org.drools.audit.event.ActivationLogEvent>
<org.drools.audit.event.ActivationLogEvent>
  <type>4</type>
  <activationId>Liechtenstein [7, 1]</activationId>
  <rule>Liechtenstein</rule>
  <declarations></declarations>
</org.drools.audit.event.ActivationLogEvent>
<org.drools.audit.event.ObjectLogEvent>
  <type>1</type>
  <factId>7</factId>
  <objectToString>pl.put.poznan.Fakt@490241ae</objectToString>
</org.drools.audit.event.ObjectLogEvent>
<org.drools.audit.event.ActivationLogEvent>
  <type>7</type>
  <activationId>wladza [0]</activationId>
  <rule>wladza</rule>
  <declarations></declarations>
</org.drools.audit.event.ActivationLogEvent>
<org.drools.audit.event.ActivationLogEvent>
  <type>6</type>
  <activationId>Liechtenstein [7, 1]</activationId>
  <rule>Liechtenstein</rule>
  <declarations></declarations>
</org.drools.audit.event.ActivationLogEvent>
<org.drools.audit.event.ActivationLogEvent>
  <type>4</type>
  <activationId>Znamy Odpowiedz [8]</activationId>
  <rule>Znamy Odpowiedz</rule>
  <declarations>$panstwo=Liechtenstein(8); $fakt=pl.put.poznan.Fakt@51970991(8)</declarations>
</org.drools.audit.event.ActivationLogEvent>
<org.drools.audit.event.ObjectLogEvent>
  <type>1</type>
  <factId>8</factId>
  <objectToString>pl.put.poznan.Fakt@51970991</objectToString>
</org.drools.audit.event.ObjectLogEvent>
<org.drools.audit.event.ActivationLogEvent>
  <type>7</type>
  <activationId>Liechtenstein [7, 1]</activationId>
  <rule>Liechtenstein</rule>
  <declarations></declarations>
</org.drools.audit.event.ActivationLogEvent>
<org.drools.audit.event.ActivationLogEvent>
  <type>6</type>
  <activationId>Znamy Odpowiedz [8]</activationId>
  <rule>Znamy Odpowiedz</rule>
  <declarations>$panstwo=Liechtenstein(8); $fakt=pl.put.poznan.Fakt@51970991(8)</declarations>
</org.drools.audit.event.ActivationLogEvent>
<org.drools.audit.event.ObjectLogEvent>
  <type>3</type>
  <factId>8</factId>
  <objectToString>pl.put.poznan.Fakt@51970991</objectToString>
</org.drools.audit.event.ObjectLogEvent>
<org.drools.audit.event.ActivationLogEvent>
  <type>7</type>
  <activationId>Znamy Odpowiedz [-1]</activationId>
  <rule>Znamy Odpowiedz</rule>
  <declarations></declarations>
</org.drools.audit.event.ActivationLogEvent>
<org.drools.audit.event.ActivationLogEvent>
  <type>6</type>
  <activationId>Luksemburg [6, 7, 1]</activationId>
  <rule>Luksemburg</rule>
  <declarations></declarations>
</org.drools.audit.event.ActivationLogEvent>
<org.drools.audit.event.ActivationLogEvent>
  <type>4</type>
  <activationId>Znamy Odpowiedz [9]</activationId>
  <rule>Znamy Odpowiedz</rule>
  <declarations>$panstwo=Luksemburg(9); $fakt=pl.put.poznan.Fakt@22f6ede1(9)</declarations>
</org.drools.audit.event.ActivationLogEvent>
<org.drools.audit.event.ObjectLogEvent>
  <type>1</type>
  <factId>9</factId>
  <objectToString>pl.put.poznan.Fakt@22f6ede1</objectToString>
</org.drools.audit.event.ObjectLogEvent>
<org.drools.audit.event.ActivationLogEvent>
  <type>7</type>
  <activationId>Luksemburg [6, 7, 1]</activationId>
  <rule>Luksemburg</rule>
  <declarations></declarations>
</org.drools.audit.event.ActivationLogEvent>
<org.drools.audit.event.ActivationLogEvent>
  <type>6</type>
  <activationId>Znamy Odpowiedz [9]</activationId>
  <rule>Znamy Odpowiedz</rule>
  <declarations>$panstwo=Luksemburg(9); $fakt=pl.put.poznan.Fakt@22f6ede1(9)</declarations>
</org.drools.audit.event.ActivationLogEvent>
<org.drools.audit.event.ObjectLogEvent>
  <type>3</type>
  <factId>9</factId>
  <objectToString>pl.put.poznan.Fakt@22f6ede1</objectToString>
</org.drools.audit.event.ObjectLogEvent>
<org.drools.audit.event.ActivationLogEvent>
  <type>7</type>
  <activationId>Znamy Odpowiedz [-1]</activationId>
  <rule>Znamy Odpowiedz</rule>
  <declarations></declarations>
</org.drools.audit.event.ActivationLogEvent>
<org.drools.audit.event.ActivationLogEvent>
  <type>6</type>
  <activationId>Andora [6, 7, 1]</activationId>
  <rule>Andora</rule>
  <declarations></declarations>
</org.drools.audit.event.ActivationLogEvent>
<org.drools.audit.event.ActivationLogEvent>
  <type>4</type>
  <activationId>Znamy Odpowiedz [10]</activationId>
  <rule>Znamy Odpowiedz</rule>
  <declarations>$panstwo=Andora(10); $fakt=pl.put.poznan.Fakt@15284903(10)</declarations>
</org.drools.audit.event.ActivationLogEvent>
<org.drools.audit.event.ObjectLogEvent>
  <type>1</type>
  <factId>10</factId>
  <objectToString>pl.put.poznan.Fakt@15284903</objectToString>
</org.drools.audit.event.ObjectLogEvent>
<org.drools.audit.event.ActivationLogEvent>
  <type>7</type>
  <activationId>Andora [6, 7, 1]</activationId>
  <rule>Andora</rule>
  <declarations></declarations>
</org.drools.audit.event.ActivationLogEvent>
<org.drools.audit.event.ActivationLogEvent>
  <type>6</type>
  <activationId>Znamy Odpowiedz [10]</activationId>
  <rule>Znamy Odpowiedz</rule>
  <declarations>$panstwo=Andora(10); $fakt=pl.put.poznan.Fakt@15284903(10)</declarations>
</org.drools.audit.event.ActivationLogEvent>
<org.drools.audit.event.ObjectLogEvent>
  <type>3</type>
  <factId>10</factId>
  <objectToString>pl.put.poznan.Fakt@15284903</objectToString>
</org.drools.audit.event.ObjectLogEvent>
<org.drools.audit.event.ActivationLogEvent>
  <type>7</type>
  <activationId>Znamy Odpowiedz [-1]</activationId>
  <rule>Znamy Odpowiedz</rule>
  <declarations></declarations>
</org.drools.audit.event.ActivationLogEvent>
</object-stream>
